2026-09-01 11:55:44,776 [INFO] \U0001f552 QuantCode Nexus Background Scheduler Initialized. Running every 15 minutes...
2026-09-01 12:10:45,210 [INFO] \u23f0 Scheduled Task Triggered: Running QuantCode Nexus Pipeline...
2026-09-01 12:10:45,461 [INFO] \U0001f680 QuantCode Nexus Production-Hardened Economic Engine Initialized (SQLite Backed).
2026-09-01 12:10:45,461 [INFO] \U0001f310 [B2B-LeadGen] Scraping live GitHub trending developer directory with defensive jitter...
2026-09-01 12:10:45,461 [INFO] \u270d\ufe0f [SEO-Content] Generating programmatic SEO indexation copy (Optimized Local Worker)...
2026-09-01 12:10:45,461 [INFO] \U0001f6e1\ufe0f [Code-Refactor] Auditing target repositories for vulnerabilities (Optimized Local Worker)...
2026-09-01 12:10:45,461 [INFO] \U0001f4ca [Data-Syndication] Validating structured JSON syndication feeds for API subscribers...
2026-09-01 12:10:45,461 [INFO] \u26d3\ufe0f [DeFi-Risk] Polling EVM node for live mempool gas metrics...
2026-09-01 12:10:46,578 [INFO] \U0001f48e [SEO-Content] VERIFIED REVENUE SECURED: $15.00
2026-09-01 12:10:46,578 [INFO] \U0001f48e [Code-Refactor] VERIFIED REVENUE SECURED: $25.00
2026-09-01 12:10:46,578 [INFO] \U0001f7e2 On-Chain Check Complete | Block: 25881538 | Gas: 0.12 Gwei
2026-09-01 12:10:46,578 [INFO] \U0001f3af Successfully harvested verified B2B developer leads and committed to SQLite.
2026-09-01 12:10:46,578 [WARNING] \u26a0\ufe0f TELEGRAM_BOT_TOKEN or TELEGRAM_CHAT_ID not set. Skipping notification.
2026-09-01 12:25:47,469 [INFO] \u23f0 Scheduled Task Triggered: Running QuantCode Nexus Pipeline...
2026-09-01 12:25:47,478 [ERROR] Pipeline execution failed: Command '['python', 'quantcode_nexus.py']' returned non-zero exit status 3221225794.
2026-09-01 12:40:48,080 [INFO] \u23f0 Scheduled Task Triggered: Running QuantCode Nexus Pipeline...
2026-09-01 12:40:48,088 [ERROR] Pipeline execution failed: Command '['python', 'quantcode_nexus.py']' returned non-zero exit status 3221225794.
2026-09-01 12:55:48,685 [INFO] \u23f0 Scheduled Task Triggered: Running QuantCode Nexus Pipeline...
2026-09-01 12:55:48,693 [ERROR] Pipeline execution failed: Command '['python', 'quantcode_nexus.py']' returned non-zero exit status 3221225794.
2026-09-01 13:10:49,184 [INFO] \u23f0 Scheduled Task Triggered: Running QuantCode Nexus Pipeline...
2026-09-01 13:10:49,193 [ERROR] Pipeline execution failed: Command '['python', 'quantcode_nexus.py']' returned non-zero exit status 3221225794.
2026-09-01 13:25:49,533 [INFO] \u23f0 Scheduled Task Triggered: Running QuantCode Nexus Pipeline...
2026-09-01 13:25:49,541 [ERROR] Pipeline execution failed: Command '['python', 'quantcode_nexus.py']' returned non-zero exit status 3221225794.
2026-09-01 13:40:50,185 [INFO] \u23f0 Scheduled Task Triggered: Running QuantCode Nexus Pipeline...
2026-09-01 13:40:50,193 [ERROR] Pipeline execution failed: Command '['python', 'quantcode_nexus.py']' returned non-zero exit status 3221225794.
2026-09-01 13:55:50,519 [INFO] \u23f0 Scheduled Task Triggered: Running QuantCode Nexus Pipeline...
2026-09-01 13:55:50,527 [ERROR] Pipeline execution failed: Command '['python', 'quantcode_nexus.py']' returned non-zero exit status 3221225794.
2026-09-01 14:10:50,906 [INFO] \u23f0 Scheduled Task Triggered: Running QuantCode Nexus Pipeline...
2026-09-01 14:10:50,915 [ERROR] Pipeline execution failed: Command '['python', 'quantcode_nexus.py']' returned non-zero exit status 3221225794.
2026-09-01 14:25:51,524 [INFO] \u23f0 Scheduled Task Triggered: Running QuantCode Nexus Pipeline...
2026-09-01 14:25:51,532 [ERROR] Pipeline execution failed: Command '['python', 'quantcode_nexus.py']' returned non-zero exit status 3221225794.
2026-09-01 14:40:51,789 [INFO] \u23f0 Scheduled Task Triggered: Running QuantCode Nexus Pipeline...
2026-09-01 14:40:51,797 [ERROR] Pipeline execution failed: Command '['python', 'quantcode_nexus.py']' returned non-zero exit status 3221225794.
2026-09-01 14:55:52,295 [INFO] \u23f0 Scheduled Task Triggered: Running QuantCode Nexus Pipeline...
2026-09-01 14:55:52,302 [ERROR] Pipeline execution failed: Command '['python', 'quantcode_nexus.py']' returned non-zero exit status 3221225794.
2026-09-01 15:10:52,762 [INFO] \u23f0 Scheduled Task Triggered: Running QuantCode Nexus Pipeline...
2026-09-01 15:10:52,770 [ERROR] Pipeline execution failed: Command '['python', 'quantcode_nexus.py']' returned non-zero exit status 3221225794.
2026-09-01 15:25:53,372 [INFO] \u23f0 Scheduled Task Triggered: Running QuantCode Nexus Pipeline...
2026-09-01 15:25:53,383 [ERROR] Pipeline execution failed: Command '['python', 'quantcode_nexus.py']' returned non-zero exit status 3221225794.
2026-09-01 15:40:54,289 [INFO] \u23f0 Scheduled Task Triggered: Running QuantCode Nexus Pipeline...
2026-09-01 15:40:54,300 [ERROR] Pipeline execution failed: Command '['python', 'quantcode_nexus.py']' returned non-zero exit status 3221225794.
