2026-09-01 07:42:17,019 [INFO] root: 🚀 QuantCode Nexus Economic Engine Initialized. All 5 Verticals Active.
2026-09-01 07:42:17,021 [INFO] root: 🔍 [B2B-LeadGen] Scouting target directories and GitHub hiring boards...
2026-09-01 07:42:17,021 [INFO] root: ✍️ [SEO-Content] Analyzing long-tail search gaps and drafting programmatic guides...
2026-09-01 07:42:17,022 [INFO] root: 🛡️ [Code-Refactor] Scanning target repositories for dependency vulnerabilities...
2026-09-01 07:42:17,022 [INFO] root: 📊 [Data-Syndication] Scraping unstructured public registry data and normalizing JSON schemas...
2026-09-01 07:42:17,022 [INFO] root: ⛓️ [DeFi-Risk] Monitoring mempools and protocol health ratios across chains...
2026-09-01 07:42:20,080 [INFO] root: 💰 [B2B-LeadGen] Agent Agent_B2B_01 captured revenue: $250.00
2026-09-01 07:42:20,111 [INFO] root: 💰 [DeFi-Risk] Agent Agent_DeFi_01 captured revenue: $85.20
2026-09-01 07:42:20,134 [INFO] root: 💰 [Data-Syndication] Agent Agent_Data_01 captured revenue: $120.00
2026-09-01 07:42:20,183 [INFO] root: 💰 [SEO-Content] Agent Agent_SEO_01 captured revenue: $45.50
2026-09-01 07:42:20,238 [INFO] root: 💰 [Code-Refactor] Agent Agent_Code_01 captured revenue: $500.00
2026-09-01 07:42:47,023 [INFO] root: ✍️ [SEO-Content] Analyzing long-tail search gaps and drafting programmatic guides...
2026-09-01 07:42:47,023 [INFO] root: 🔍 [B2B-LeadGen] Scouting target directories and GitHub hiring boards...
2026-09-01 07:42:47,023 [INFO] root: ⛓️ [DeFi-Risk] Monitoring mempools and protocol health ratios across chains...
2026-09-01 07:42:47,023 [INFO] root: 🛡️ [Code-Refactor] Scanning target repositories for dependency vulnerabilities...
2026-09-01 07:42:47,023 [INFO] root: 📊 [Data-Syndication] Scraping unstructured public registry data and normalizing JSON schemas...
2026-09-01 07:42:50,138 [INFO] root: 💰 [SEO-Content] Agent Agent_SEO_01 captured revenue: $45.50
2026-09-01 07:42:50,165 [INFO] root: 💰 [B2B-LeadGen] Agent Agent_B2B_01 captured revenue: $250.00
2026-09-01 07:42:50,199 [INFO] root: 💰 [DeFi-Risk] Agent Agent_DeFi_01 captured revenue: $85.20
2026-09-01 07:42:50,232 [INFO] root: 💰 [Data-Syndication] Agent Agent_Data_01 captured revenue: $120.00
2026-09-01 07:42:50,285 [INFO] root: 💰 [Code-Refactor] Agent Agent_Code_01 captured revenue: $500.00
2026-09-01 07:43:17,023 [INFO] root: 🛡️ [Code-Refactor] Scanning target repositories for dependency vulnerabilities...
2026-09-01 07:43:17,023 [INFO] root: 📊 [Data-Syndication] Scraping unstructured public registry data and normalizing JSON schemas...
2026-09-01 07:43:17,023 [INFO] root: ⛓️ [DeFi-Risk] Monitoring mempools and protocol health ratios across chains...
2026-09-01 07:43:17,023 [INFO] root: 🔍 [B2B-LeadGen] Scouting target directories and GitHub hiring boards...
2026-09-01 07:43:17,023 [INFO] root: ✍️ [SEO-Content] Analyzing long-tail search gaps and drafting programmatic guides...
2026-09-01 07:43:20,085 [INFO] root: 💰 [Code-Refactor] Agent Agent_Code_01 captured revenue: $500.00
2026-09-01 07:43:20,115 [INFO] root: 💰 [DeFi-Risk] Agent Agent_DeFi_01 captured revenue: $85.20
2026-09-01 07:43:20,148 [INFO] root: 💰 [B2B-LeadGen] Agent Agent_B2B_01 captured revenue: $250.00
2026-09-01 07:43:20,181 [INFO] root: 💰 [Data-Syndication] Agent Agent_Data_01 captured revenue: $120.00
2026-09-01 07:43:20,234 [INFO] root: 💰 [SEO-Content] Agent Agent_SEO_01 captured revenue: $45.50
2026-09-01 07:43:47,024 [INFO] root: ✍️ [SEO-Content] Analyzing long-tail search gaps and drafting programmatic guides...
2026-09-01 07:43:47,024 [INFO] root: ⛓️ [DeFi-Risk] Monitoring mempools and protocol health ratios across chains...
2026-09-01 07:43:47,024 [INFO] root: 🔍 [B2B-LeadGen] Scouting target directories and GitHub hiring boards...
2026-09-01 07:43:47,024 [INFO] root: 🛡️ [Code-Refactor] Scanning target repositories for dependency vulnerabilities...
2026-09-01 07:43:47,024 [INFO] root: 📊 [Data-Syndication] Scraping unstructured public registry data and normalizing JSON schemas...
2026-09-01 07:43:50,084 [INFO] root: 💰 [SEO-Content] Agent Agent_SEO_01 captured revenue: $45.50
2026-09-01 07:43:50,114 [INFO] root: 💰 [Code-Refactor] Agent Agent_Code_01 captured revenue: $500.00
2026-09-01 07:43:50,165 [INFO] root: 💰 [B2B-LeadGen] Agent Agent_B2B_01 captured revenue: $250.00
2026-09-01 07:43:50,197 [INFO] root: 💰 [DeFi-Risk] Agent Agent_DeFi_01 captured revenue: $85.20
2026-09-01 07:43:50,251 [INFO] root: 💰 [Data-Syndication] Agent Agent_Data_01 captured revenue: $120.00
2026-09-01 07:44:17,025 [INFO] root: ✍️ [SEO-Content] Analyzing long-tail search gaps and drafting programmatic guides...
2026-09-01 07:44:17,025 [INFO] root: ⛓️ [DeFi-Risk] Monitoring mempools and protocol health ratios across chains...
2026-09-01 07:44:17,025 [INFO] root: 🔍 [B2B-LeadGen] Scouting target directories and GitHub hiring boards...
2026-09-01 07:44:17,025 [INFO] root: 📊 [Data-Syndication] Scraping unstructured public registry data and normalizing JSON schemas...
2026-09-01 07:44:17,025 [INFO] root: 🛡️ [Code-Refactor] Scanning target repositories for dependency vulnerabilities...
2026-09-01 07:44:20,067 [INFO] root: 💰 [SEO-Content] Agent Agent_SEO_01 captured revenue: $45.50
2026-09-01 07:44:20,096 [INFO] root: 💰 [B2B-LeadGen] Agent Agent_B2B_01 captured revenue: $250.00
2026-09-01 07:44:20,131 [INFO] root: 💰 [Data-Syndication] Agent Agent_Data_01 captured revenue: $120.00
2026-09-01 07:44:20,163 [INFO] root: 💰 [Code-Refactor] Agent Agent_Code_01 captured revenue: $500.00
2026-09-01 07:44:20,216 [INFO] root: 💰 [DeFi-Risk] Agent Agent_DeFi_01 captured revenue: $85.20
2026-09-01 07:44:47,025 [INFO] root: 🔍 [B2B-LeadGen] Scouting target directories and GitHub hiring boards...
2026-09-01 07:44:47,025 [INFO] root: 🛡️ [Code-Refactor] Scanning target repositories for dependency vulnerabilities...
2026-09-01 07:44:47,025 [INFO] root: 📊 [Data-Syndication] Scraping unstructured public registry data and normalizing JSON schemas...
2026-09-01 07:44:47,026 [INFO] root: ⛓️ [DeFi-Risk] Monitoring mempools and protocol health ratios across chains...
2026-09-01 07:44:47,026 [INFO] root: ✍️ [SEO-Content] Analyzing long-tail search gaps and drafting programmatic guides...
2026-09-01 07:44:50,084 [INFO] root: 💰 [B2B-LeadGen] Agent Agent_B2B_01 captured revenue: $250.00
2026-09-01 07:44:50,114 [INFO] root: 💰 [Code-Refactor] Agent Agent_Code_01 captured revenue: $500.00
2026-09-01 07:44:50,146 [INFO] root: 💰 [SEO-Content] Agent Agent_SEO_01 captured revenue: $45.50
2026-09-01 07:44:50,179 [INFO] root: 💰 [Data-Syndication] Agent Agent_Data_01 captured revenue: $120.00
2026-09-01 07:44:50,234 [INFO] root: 💰 [DeFi-Risk] Agent Agent_DeFi_01 captured revenue: $85.20
2026-09-01 07:45:17,026 [INFO] root: 🛡️ [Code-Refactor] Scanning target repositories for dependency vulnerabilities...
2026-09-01 07:45:17,026 [INFO] root: 🔍 [B2B-LeadGen] Scouting target directories and GitHub hiring boards...
2026-09-01 07:45:17,026 [INFO] root: ⛓️ [DeFi-Risk] Monitoring mempools and protocol health ratios across chains...
2026-09-01 07:45:17,026 [INFO] root: ✍️ [SEO-Content] Analyzing long-tail search gaps and drafting programmatic guides...
2026-09-01 07:45:17,026 [INFO] root: 📊 [Data-Syndication] Scraping unstructured public registry data and normalizing JSON schemas...
2026-09-01 07:45:20,084 [INFO] root: 💰 [Code-Refactor] Agent Agent_Code_01 captured revenue: $500.00
2026-09-01 07:45:20,114 [INFO] root: 💰 [DeFi-Risk] Agent Agent_DeFi_01 captured revenue: $85.20
2026-09-01 07:45:20,145 [INFO] root: 💰 [Data-Syndication] Agent Agent_Data_01 captured revenue: $120.00
2026-09-01 07:45:20,180 [INFO] root: 💰 [B2B-LeadGen] Agent Agent_B2B_01 captured revenue: $250.00
2026-09-01 07:45:20,236 [INFO] root: 💰 [SEO-Content] Agent Agent_SEO_01 captured revenue: $45.50
2026-09-01 07:45:47,026 [INFO] root: ✍️ [SEO-Content] Analyzing long-tail search gaps and drafting programmatic guides...
2026-09-01 07:45:47,026 [INFO] root: 🛡️ [Code-Refactor] Scanning target repositories for dependency vulnerabilities...
2026-09-01 07:45:47,026 [INFO] root: 📊 [Data-Syndication] Scraping unstructured public registry data and normalizing JSON schemas...
2026-09-01 07:45:47,026 [INFO] root: 🔍 [B2B-LeadGen] Scouting target directories and GitHub hiring boards...
2026-09-01 07:45:47,026 [INFO] root: ⛓️ [DeFi-Risk] Monitoring mempools and protocol health ratios across chains...
2026-09-01 07:45:50,084 [INFO] root: 💰 [SEO-Content] Agent Agent_SEO_01 captured revenue: $45.50
2026-09-01 07:45:50,112 [INFO] root: 💰 [DeFi-Risk] Agent Agent_DeFi_01 captured revenue: $85.20
2026-09-01 07:45:50,146 [INFO] root: 💰 [Data-Syndication] Agent Agent_Data_01 captured revenue: $120.00
2026-09-01 07:45:50,180 [INFO] root: 💰 [B2B-LeadGen] Agent Agent_B2B_01 captured revenue: $250.00
2026-09-01 07:45:50,232 [INFO] root: 💰 [Code-Refactor] Agent Agent_Code_01 captured revenue: $500.00
